[{"name":"","kind":"package","longname":"package:","description":"","version":"","licenses":[],"files":[]}]